u{"level":"info","message":"✅ Configuration loaded successfully!","timestamp":"2026-02-16 12:31:09"}
{"level":"error","message":"❌ This is a test error log","timestamp":"2026-02-16 12:31:09"}
{"level":"info","message":"🔄 Connecting to MongoDB...","timestamp":"2026-02-16 13:33:10"}
{"level":"info","message":"✅ Redis connected successfully","timestamp":"2026-02-16 13:33:10"}
{"level":"info","message":"✅ Connected to MongoDB successfully","timestamp":"2026-02-16 13:33:10"}
{"level":"info","message":"==================================================","timestamp":"2026-02-16 13:33:10"}
{"level":"info","message":"🚀 Authentication Service Started","timestamp":"2026-02-16 13:33:10"}
{"level":"info","message":"==================================================","timestamp":"2026-02-16 13:33:10"}
{"level":"info","message":"📍 Server: http://localhost:8001","timestamp":"2026-02-16 13:33:10"}
{"level":"info","message":"📧 Email: nikhil.k3411@gmail.com","timestamp":"2026-02-16 13:33:10"}
{"level":"info","message":"🌍 Environment: development","timestamp":"2026-02-16 13:33:10"}
{"level":"info","message":"⏰ Started at: 16/2/2026, 1:33:10 pm","timestamp":"2026-02-16 13:33:10"}
{"level":"info","message":"==================================================","timestamp":"2026-02-16 13:33:10"}
{"level":"info","message":"✅ Email service is ready to send messages","timestamp":"2026-02-16 13:33:12"}
{"level":"info","message":"GET /health 200 - 9ms","timestamp":"2026-02-16 13:33:58"}
{"level":"warn","message":"404 - Route not found: GET /favicon.ico","timestamp":"2026-02-16 13:33:58"}
{"level":"info","message":"GET /favicon.ico 404 - 2ms","timestamp":"2026-02-16 13:33:58"}
{"level":"info","message":"🔄 Connecting to MongoDB...","timestamp":"2026-02-16 14:49:07"}
{"level":"info","message":"✅ Redis connected successfully","timestamp":"2026-02-16 14:49:07"}
{"level":"info","message":"✅ Connected to MongoDB successfully","timestamp":"2026-02-16 14:49:07"}
{"level":"info","message":"==================================================","timestamp":"2026-02-16 14:49:07"}
{"level":"info","message":"🚀 Authentication Service Started","timestamp":"2026-02-16 14:49:07"}
{"level":"info","message":"==================================================","timestamp":"2026-02-16 14:49:07"}
{"level":"info","message":"📍 Server: http://localhost:8001","timestamp":"2026-02-16 14:49:07"}
{"level":"info","message":"📧 Email: nikhil.k3411@gmail.com","timestamp":"2026-02-16 14:49:07"}
{"level":"info","message":"🌍 Environment: development","timestamp":"2026-02-16 14:49:07"}
{"level":"info","message":"⏰ Started at: 16/2/2026, 2:49:07 pm","timestamp":"2026-02-16 14:49:07"}
{"level":"info","message":"==================================================","timestamp":"2026-02-16 14:49:07"}
{"level":"info","message":"✅ Email service is ready to send messages","timestamp":"2026-02-16 14:49:08"}
{"level":"info","message":"🔄 Connecting to MongoDB...","timestamp":"2026-02-16 14:49:13"}
{"level":"info","message":"✅ Redis connected successfully","timestamp":"2026-02-16 14:49:13"}
{"level":"info","message":"✅ Connected to MongoDB successfully","timestamp":"2026-02-16 14:49:13"}
{"level":"info","message":"==================================================","timestamp":"2026-02-16 14:49:13"}
{"level":"info","message":"🚀 Authentication Service Started","timestamp":"2026-02-16 14:49:13"}
{"level":"info","message":"==================================================","timestamp":"2026-02-16 14:49:13"}
{"level":"info","message":"📍 Server: http://localhost:8001","timestamp":"2026-02-16 14:49:13"}
{"level":"info","message":"📧 Email: nikhil.k3411@gmail.com","timestamp":"2026-02-16 14:49:13"}
{"level":"info","message":"🌍 Environment: development","timestamp":"2026-02-16 14:49:13"}
{"level":"info","message":"⏰ Started at: 16/2/2026, 2:49:13 pm","timestamp":"2026-02-16 14:49:13"}
{"level":"info","message":"==================================================","timestamp":"2026-02-16 14:49:13"}
{"level":"info","message":"✅ Email service is ready to send messages","timestamp":"2026-02-16 14:49:15"}
{"level":"info","message":"GET /health 200 - 2ms","timestamp":"2026-02-16 14:52:53"}
{"level":"info","message":"📝 Registration attempt for: test.user.1771233773688@example.com","timestamp":"2026-02-16 14:52:53"}
{"level":"info","message":"✅ New user registered: test.user.1771233773688@example.com (patient)","timestamp":"2026-02-16 14:52:53"}
{"level":"info","message":"POST /register 201 - 201ms","timestamp":"2026-02-16 14:52:53"}
{"level":"info","message":"🔐 Login attempt for: test.user.1771233773688@example.com","timestamp":"2026-02-16 14:52:54"}
{"level":"info","message":"📧 OTP stored for test.user.1771233773688@example.com, expires in 10 minutes","timestamp":"2026-02-16 14:52:54"}
{"level":"info","message":"✅ Welcome email sent to test.user.1771233773688@example.com: <26503f92-51b9-265e-ad05-fcd87da9f534@healthcare.com>","timestamp":"2026-02-16 14:52:56"}
{"level":"info","message":"✅ OTP email sent to test.user.1771233773688@example.com: <0f5124ed-1070-79ec-86c4-099cc16618ec@healthcare.com>","timestamp":"2026-02-16 14:52:57"}
{"level":"info","message":"📧 OTP sent to test.user.1771233773688@example.com","timestamp":"2026-02-16 14:52:57"}
{"level":"info","message":"POST /login 200 - 2566ms","timestamp":"2026-02-16 14:52:57"}
{"level":"info","message":"🔓 OTP verification attempt for: test.user.1771233773688@example.com","timestamp":"2026-02-16 14:56:24"}
{"level":"warn","message":"⚠️ OTP verification failed for test.user.1771233773688@example.com: Invalid OTP","timestamp":"2026-02-16 14:56:24"}
{"level":"info","message":"POST /verify-otp 401 - 102ms","timestamp":"2026-02-16 14:56:24"}
{"level":"info","message":"🔄 Connecting to MongoDB...","timestamp":"2026-02-16 15:37:34"}
{"level":"info","message":"✅ Redis connected successfully","timestamp":"2026-02-16 15:37:34"}
{"level":"info","message":"✅ Connected to MongoDB successfully","timestamp":"2026-02-16 15:37:35"}
{"level":"info","message":"==================================================","timestamp":"2026-02-16 15:37:35"}
{"level":"info","message":"🚀 Authentication Service Started","timestamp":"2026-02-16 15:37:35"}
{"level":"info","message":"==================================================","timestamp":"2026-02-16 15:37:35"}
{"level":"info","message":"📍 Server: http://localhost:8001","timestamp":"2026-02-16 15:37:35"}
{"level":"info","message":"📧 Email: nikhil.k3411@gmail.com","timestamp":"2026-02-16 15:37:35"}
{"level":"info","message":"🌍 Environment: development","timestamp":"2026-02-16 15:37:35"}
{"level":"info","message":"⏰ Started at: 16/2/2026, 3:37:35 pm","timestamp":"2026-02-16 15:37:35"}
{"level":"info","message":"==================================================","timestamp":"2026-02-16 15:37:35"}
{"level":"info","message":"✅ Email service is ready to send messages","timestamp":"2026-02-16 15:37:36"}
{"level":"info","message":"🔄 Connecting to MongoDB...","timestamp":"2026-02-16 15:37:58"}
{"level":"info","message":"✅ Redis connected successfully","timestamp":"2026-02-16 15:37:58"}
{"level":"info","message":"✅ Connected to MongoDB successfully","timestamp":"2026-02-16 15:37:58"}
{"level":"info","message":"==================================================","timestamp":"2026-02-16 15:37:58"}
{"level":"info","message":"🚀 Authentication Service Started","timestamp":"2026-02-16 15:37:58"}
{"level":"info","message":"==================================================","timestamp":"2026-02-16 15:37:58"}
{"level":"info","message":"📍 Server: http://localhost:8001","timestamp":"2026-02-16 15:37:58"}
{"level":"info","message":"📧 Email: nikhil.k3411@gmail.com","timestamp":"2026-02-16 15:37:58"}
{"level":"info","message":"🌍 Environment: development","timestamp":"2026-02-16 15:37:58"}
{"level":"info","message":"⏰ Started at: 16/2/2026, 3:37:58 pm","timestamp":"2026-02-16 15:37:58"}
{"level":"info","message":"==================================================","timestamp":"2026-02-16 15:37:58"}
{"level":"info","message":"✅ Email service is ready to send messages","timestamp":"2026-02-16 15:37:59"}
{"level":"info","message":"GET /health 200 - 3ms","timestamp":"2026-02-16 15:38:08"}
{"level":"info","message":"📝 Registration attempt for: nikhil.k3411@gmail.com","timestamp":"2026-02-16 15:38:09"}
{"level":"warn","message":"⚠️ Registration failed: Email already exists - nikhil.k3411@gmail.com","timestamp":"2026-02-16 15:38:09"}
{"level":"info","message":"POST /register 400 - 67ms","timestamp":"2026-02-16 15:38:09"}
{"level":"info","message":"🔐 Login attempt for: nikhil.k3411@gmail.com","timestamp":"2026-02-16 15:38:09"}
{"level":"info","message":"📧 OTP stored for nikhil.k3411@gmail.com, expires in 10 minutes","timestamp":"2026-02-16 15:38:09"}
{"level":"info","message":"✅ OTP email sent to nikhil.k3411@gmail.com: <798fa8d8-6fa6-e72b-aa2c-d043ec5b6131@healthcare.com>","timestamp":"2026-02-16 15:38:12"}
{"level":"info","message":"📧 OTP sent to nikhil.k3411@gmail.com","timestamp":"2026-02-16 15:38:12"}
{"level":"info","message":"POST /login 200 - 2848ms","timestamp":"2026-02-16 15:38:12"}
{"level":"info","message":"🔓 OTP verification attempt for: nikhil.k3411@gmail.com","timestamp":"2026-02-16 15:38:38"}
{"level":"info","message":"✅ OTP verified successfully for nikhil.k3411@gmail.com","timestamp":"2026-02-16 15:38:38"}
{"_message":"User validation failed","errors":{"passwordHash":{"kind":"required","message":"Path `passwordHash` is required.","name":"ValidatorError","path":"passwordHash","properties":{"message":"Path `passwordHash` is required.","path":"passwordHash","type":"required"}}},"level":"error","message":"❌ OTP verification error: User validation failed: passwordHash: Path `passwordHash` is required.","stack":"ValidationError: User validation failed: passwordHash: Path `passwordHash` is required.\n    at Document.invalidate (D:\\hospital-management-system\\backend\\services\\auth\\node_modules\\mongoose\\lib\\document.js:3381:32)\n    at D:\\hospital-management-system\\backend\\services\\auth\\node_modules\\mongoose\\lib\\document.js:3142:17\n    at D:\\hospital-management-system\\backend\\services\\auth\\node_modules\\mongoose\\lib\\schemaType.js:1446:9\n    at process.processTicksAndRejections (node:internal/process/task_queues:85:11)","timestamp":"2026-02-16 15:38:38"}
{"level":"info","message":"POST /verify-otp 500 - 52ms","timestamp":"2026-02-16 15:38:38"}
{"level":"info","message":"GET /me 401 - 2ms","timestamp":"2026-02-16 15:38:45"}
{"level":"info","message":"GET /me 401 - 2ms","timestamp":"2026-02-16 15:38:52"}
{"level":"info","message":"📝 Registration attempt for: nikhil.k3411@gmail.com","timestamp":"2026-02-16 15:38:52"}
{"level":"warn","message":"⚠️ Registration failed: Email already exists - nikhil.k3411@gmail.com","timestamp":"2026-02-16 15:38:52"}
{"level":"info","message":"POST /register 400 - 52ms","timestamp":"2026-02-16 15:38:52"}
{"level":"info","message":"🔄 Connecting to MongoDB...","timestamp":"2026-02-16 15:46:32"}
{"level":"info","message":"✅ Redis connected successfully","timestamp":"2026-02-16 15:46:32"}
{"level":"info","message":"✅ Connected to MongoDB successfully","timestamp":"2026-02-16 15:46:33"}
{"level":"info","message":"==================================================","timestamp":"2026-02-16 15:46:33"}
{"level":"info","message":"🚀 Authentication Service Started","timestamp":"2026-02-16 15:46:33"}
{"level":"info","message":"==================================================","timestamp":"2026-02-16 15:46:33"}
{"level":"info","message":"📍 Server: http://localhost:8001","timestamp":"2026-02-16 15:46:33"}
{"level":"info","message":"📧 Email: nikhil.k3411@gmail.com","timestamp":"2026-02-16 15:46:33"}
{"level":"info","message":"🌍 Environment: development","timestamp":"2026-02-16 15:46:33"}
{"level":"info","message":"⏰ Started at: 16/2/2026, 3:46:33 pm","timestamp":"2026-02-16 15:46:33"}
{"level":"info","message":"==================================================","timestamp":"2026-02-16 15:46:33"}
{"level":"info","message":"✅ Email service is ready to send messages","timestamp":"2026-02-16 15:46:35"}
{"level":"info","message":"GET /health 200 - 2ms","timestamp":"2026-02-16 15:47:24"}
{"level":"info","message":"📝 Registration attempt for: nikhil.k3411@gmail.com","timestamp":"2026-02-16 15:47:25"}
{"level":"warn","message":"⚠️ Registration failed: Email already exists - nikhil.k3411@gmail.com","timestamp":"2026-02-16 15:47:25"}
{"level":"info","message":"POST /register 400 - 69ms","timestamp":"2026-02-16 15:47:25"}
{"level":"info","message":"🔐 Login attempt for: nikhil.k3411@gmail.com","timestamp":"2026-02-16 15:47:26"}
{"level":"info","message":"📧 OTP stored for nikhil.k3411@gmail.com, expires in 10 minutes","timestamp":"2026-02-16 15:47:26"}
{"level":"info","message":"✅ OTP email sent to nikhil.k3411@gmail.com: <4883d43d-cb25-903f-cb30-843bec817078@healthcare.com>","timestamp":"2026-02-16 15:47:28"}
{"level":"info","message":"📧 OTP sent to nikhil.k3411@gmail.com","timestamp":"2026-02-16 15:47:28"}
{"level":"info","message":"POST /login 200 - 2420ms","timestamp":"2026-02-16 15:47:28"}
{"level":"info","message":"🔓 OTP verification attempt for: nikhil.k3411@gmail.com","timestamp":"2026-02-16 15:47:40"}
{"level":"info","message":"✅ OTP verified successfully for nikhil.k3411@gmail.com","timestamp":"2026-02-16 15:47:40"}
{"level":"info","message":"✅ User logged in successfully: nikhil.k3411@gmail.com","timestamp":"2026-02-16 15:47:40"}
{"level":"info","message":"POST /verify-otp 200 - 134ms","timestamp":"2026-02-16 15:47:40"}
{"level":"info","message":"✅ User authenticated: nikhil.k3411@gmail.com (patient)","timestamp":"2026-02-16 15:47:41"}
{"level":"info","message":"👤 User info retrieved: nikhil.k3411@gmail.com","timestamp":"2026-02-16 15:47:41"}
{"level":"info","message":"GET /me 200 - 53ms","timestamp":"2026-02-16 15:47:41"}
{"level":"info","message":"GET /me 401 - 1ms","timestamp":"2026-02-16 15:47:41"}
{"level":"info","message":"📝 Registration attempt for: nikhil.k3411@gmail.com","timestamp":"2026-02-16 15:47:42"}
{"level":"warn","message":"⚠️ Registration failed: Email already exists - nikhil.k3411@gmail.com","timestamp":"2026-02-16 15:47:42"}
{"level":"info","message":"POST /register 400 - 52ms","timestamp":"2026-02-16 15:47:42"}
{"level":"info","message":"🔄 Connecting to MongoDB...","timestamp":"2026-02-26 00:40:32"}
{"level":"info","message":"✅ Redis connected successfully","timestamp":"2026-02-26 00:40:32"}
{"level":"info","message":"🔄 Connecting to MongoDB...","timestamp":"2026-06-11 09:54:58"}
{"level":"info","message":"✅ Redis connected successfully","timestamp":"2026-06-11 09:54:58"}
{"level":"info","message":"✅ Connected to MongoDB successfully","timestamp":"2026-06-11 09:54:59"}
{"level":"info","message":"==================================================","timestamp":"2026-06-11 09:54:59"}
{"level":"info","message":"🚀 Authentication Service Started","timestamp":"2026-06-11 09:54:59"}
{"level":"info","message":"==================================================","timestamp":"2026-06-11 09:54:59"}
{"level":"info","message":"📍 Server: http://localhost:8001","timestamp":"2026-06-11 09:54:59"}
{"level":"info","message":"📧 Email: nikhil.k3411@gmail.com","timestamp":"2026-06-11 09:54:59"}
{"level":"info","message":"🌍 Environment: development","timestamp":"2026-06-11 09:54:59"}
{"level":"info","message":"⏰ Started at: 11/6/2026, 9:54:59 am","timestamp":"2026-06-11 09:54:59"}
{"level":"info","message":"==================================================","timestamp":"2026-06-11 09:54:59"}
{"level":"info","message":"✅ Email service is ready to send messages","timestamp":"2026-06-11 09:55:00"}
{"level":"info","message":"GET /health 200 - 6ms","timestamp":"2026-06-11 09:55:27"}
{"level":"info","message":"📝 Registration attempt for: nikhil.k3411@gmail.com","timestamp":"2026-06-11 09:55:28"}
{"level":"warn","message":"⚠️ Registration failed: Email already exists - nikhil.k3411@gmail.com","timestamp":"2026-06-11 09:55:28"}
{"level":"info","message":"POST /register 400 - 252ms","timestamp":"2026-06-11 09:55:28"}
{"level":"info","message":"🔐 Login attempt for: nikhil.k3411@gmail.com","timestamp":"2026-06-11 09:55:29"}
{"level":"info","message":"📧 OTP stored for nikhil.k3411@gmail.com, expires in 10 minutes","timestamp":"2026-06-11 09:55:29"}
{"level":"info","message":"✅ OTP email sent to nikhil.k3411@gmail.com: <3c5b9ee6-2d46-5387-a716-5edb373ae348@healthcare.com>","timestamp":"2026-06-11 09:55:32"}
{"level":"info","message":"📧 OTP sent to nikhil.k3411@gmail.com","timestamp":"2026-06-11 09:55:32"}
{"level":"info","message":"POST /login 200 - 3669ms","timestamp":"2026-06-11 09:55:32"}
{"level":"info","message":"🔓 OTP verification attempt for: nikhil.k3411@gmail.com","timestamp":"2026-06-11 09:55:51"}
{"level":"info","message":"✅ OTP verified successfully for nikhil.k3411@gmail.com","timestamp":"2026-06-11 09:55:51"}
{"level":"info","message":"✅ User logged in successfully: nikhil.k3411@gmail.com","timestamp":"2026-06-11 09:55:51"}
{"level":"info","message":"POST /verify-otp 200 - 252ms","timestamp":"2026-06-11 09:55:51"}
{"level":"info","message":"✅ User authenticated: nikhil.k3411@gmail.com (patient)","timestamp":"2026-06-11 09:55:52"}
{"level":"info","message":"👤 User info retrieved: nikhil.k3411@gmail.com","timestamp":"2026-06-11 09:55:52"}
{"level":"info","message":"GET /me 200 - 109ms","timestamp":"2026-06-11 09:55:52"}
{"level":"info","message":"GET /me 401 - 2ms","timestamp":"2026-06-11 09:55:52"}
{"level":"info","message":"📝 Registration attempt for: nikhil.k3411@gmail.com","timestamp":"2026-06-11 09:55:53"}
{"level":"warn","message":"⚠️ Registration failed: Email already exists - nikhil.k3411@gmail.com","timestamp":"2026-06-11 09:55:53"}
{"level":"info","message":"POST /register 400 - 85ms","timestamp":"2026-06-11 09:55:53"}
{"level":"info","message":"🔄 Connecting to MongoDB...","timestamp":"2026-06-11 21:45:14"}
{"level":"info","message":"✅ Redis connected successfully","timestamp":"2026-06-11 21:45:14"}
{"level":"info","message":"✅ Connected to MongoDB successfully","timestamp":"2026-06-11 21:45:15"}
{"level":"info","message":"==================================================","timestamp":"2026-06-11 21:45:15"}
{"level":"info","message":"🚀 Authentication Service Started","timestamp":"2026-06-11 21:45:15"}
{"level":"info","message":"==================================================","timestamp":"2026-06-11 21:45:15"}
{"level":"info","message":"📍 Server: http://localhost:8001","timestamp":"2026-06-11 21:45:15"}
{"level":"info","message":"📧 Email: nikhil.k3411@gmail.com","timestamp":"2026-06-11 21:45:15"}
{"level":"info","message":"🌍 Environment: development","timestamp":"2026-06-11 21:45:15"}
{"level":"info","message":"⏰ Started at: 11/6/2026, 9:45:15 pm","timestamp":"2026-06-11 21:45:15"}
{"level":"info","message":"==================================================","timestamp":"2026-06-11 21:45:15"}
{"level":"info","message":"✅ Email service is ready to send messages","timestamp":"2026-06-11 21:45:15"}
{"level":"info","message":"🔄 Connecting to MongoDB...","timestamp":"2026-06-11 21:53:37"}
{"level":"info","message":"✅ Redis connected successfully","timestamp":"2026-06-11 21:53:37"}
{"level":"info","message":"✅ Email service is ready to send messages","timestamp":"2026-06-11 21:53:40"}
